Copyright 1986-2018 Xilinx, Inc. All Rights Reserved.
--------------------------------------------------------------------------------------------------------------------------------------------------------------------------------
| Tool Version : Vivado v.2018.2 (win64) Build 2258646 Thu Jun 14 20:03:12 MDT 2018
| Date         : Mon Jun  1 11:54:23 2026
| Host         : CS152B-10 running 64-bit major release  (build 9200)
| Command      : report_timing_summary -max_paths 10 -file top_timing_summary_routed.rpt -pb top_timing_summary_routed.pb -rpx top_timing_summary_routed.rpx -warn_on_violation
| Design       : top
| Device       : 7a35t-cpg236
| Speed File   : -1  PRODUCTION 1.22 2018-03-21
--------------------------------------------------------------------------------------------------------------------------------------------------------------------------------

Timing Summary Report

------------------------------------------------------------------------------------------------
| Timer Settings
| --------------
------------------------------------------------------------------------------------------------

  Enable Multi Corner Analysis               :  Yes
  Enable Pessimism Removal                   :  Yes
  Pessimism Removal Resolution               :  Nearest Common Node
  Enable Input Delay Default Clock           :  No
  Enable Preset / Clear Arcs                 :  No
  Disable Flight Delays                      :  No
  Ignore I/O Paths                           :  No
  Timing Early Launch at Borrowing Latches   :  false

  Corner  Analyze    Analyze    
  Name    Max Paths  Min Paths  
  ------  ---------  ---------  
  Slow    Yes        Yes        
  Fast    Yes        Yes        



check_timing report

Table of Contents
-----------------
1. checking no_clock
2. checking constant_clock
3. checking pulse_width_clock
4. checking unconstrained_internal_endpoints
5. checking no_input_delay
6. checking no_output_delay
7. checking multiple_clock
8. checking generated_clocks
9. checking loops
10. checking partial_input_delay
11. checking partial_output_delay
12. checking latch_loops

1. checking no_clock
--------------------
 There are 166 register/latch pins with no clock driven by root clock pin: vc/p_clk_divider_reg[1]/Q (HIGH)


2. checking constant_clock
--------------------------
 There are 0 register/latch pins with constant_clock.


3. checking pulse_width_clock
-----------------------------
 There are 0 register/latch pins which need pulse_width check


4. checking unconstrained_internal_endpoints
--------------------------------------------
 There are 412 pins that are not constrained for maximum delay. (HIGH)

 There are 0 pins that are not constrained for maximum delay due to constant clock.


5. checking no_input_delay
--------------------------
 There are 5 input ports with no input delay specified. (HIGH)

 There are 0 input ports with no input delay but user has a false path constraint.


6. checking no_output_delay
---------------------------
 There are 14 ports with no output delay specified. (HIGH)

 There are 0 ports with no output delay but user has a false path constraint

 There are 0 ports with no output delay but with a timing clock defined on it or propagating through it


7. checking multiple_clock
--------------------------
 There are 0 register/latch pins with multiple clocks.


8. checking generated_clocks
----------------------------
 There are 0 generated clocks that are not connected to a clock source.


9. checking loops
-----------------
 There are 0 combinational loops in the design.


10. checking partial_input_delay
--------------------------------
 There are 0 input ports with partial input delay specified.


11. checking partial_output_delay
---------------------------------
 There are 0 ports with partial output delay specified.


12. checking latch_loops
------------------------
 There are 0 combinational latch loops in the design through latch input



------------------------------------------------------------------------------------------------
| Design Timing Summary
| ---------------------
------------------------------------------------------------------------------------------------

    WNS(ns)      TNS(ns)  TNS Failing Endpoints  TNS Total Endpoints      WHS(ns)      THS(ns)  THS Failing Endpoints  THS Total Endpoints     WPWS(ns)     TPWS(ns)  TPWS Failing Endpoints  TPWS Total Endpoints  
    -------      -------  ---------------------  -------------------      -------      -------  ---------------------  -------------------     --------     --------  ----------------------  --------------------  
      3.906        0.000                      0                  556        0.084        0.000                      0                  556        4.500        0.000                       0                   204  


All user specified timing constraints are met.


------------------------------------------------------------------------------------------------
| Clock Summary
| -------------
------------------------------------------------------------------------------------------------

Clock        Waveform(ns)       Period(ns)      Frequency(MHz)
-----        ------------       ----------      --------------
sys_clk_pin  {0.000 5.000}      10.000          100.000         


------------------------------------------------------------------------------------------------
| Intra Clock Table
| -----------------
------------------------------------------------------------------------------------------------

Clock             WNS(ns)      TNS(ns)  TNS Failing Endpoints  TNS Total Endpoints      WHS(ns)      THS(ns)  THS Failing Endpoints  THS Total Endpoints     WPWS(ns)     TPWS(ns)  TPWS Failing Endpoints  TPWS Total Endpoints  
-----             -------      -------  ---------------------  -------------------      -------      -------  ---------------------  -------------------     --------     --------  ----------------------  --------------------  
sys_clk_pin         3.906        0.000                      0                  556        0.084        0.000                      0                  556        4.500        0.000                       0                   204  


------------------------------------------------------------------------------------------------
| Inter Clock Table
| -----------------
------------------------------------------------------------------------------------------------

From Clock    To Clock          WNS(ns)      TNS(ns)  TNS Failing Endpoints  TNS Total Endpoints      WHS(ns)      THS(ns)  THS Failing Endpoints  THS Total Endpoints  
----------    --------          -------      -------  ---------------------  -------------------      -------      -------  ---------------------  -------------------  


------------------------------------------------------------------------------------------------
| Other Path Groups Table
| -----------------------
------------------------------------------------------------------------------------------------

Path Group    From Clock    To Clock          WNS(ns)      TNS(ns)  TNS Failing Endpoints  TNS Total Endpoints      WHS(ns)      THS(ns)  THS Failing Endpoints  THS Total Endpoints  
----------    ----------    --------          -------      -------  ---------------------  -------------------      -------      -------  ---------------------  -------------------  


------------------------------------------------------------------------------------------------
| Timing Details
| --------------
------------------------------------------------------------------------------------------------


---------------------------------------------------------------------------------------------------
From Clock:  sys_clk_pin
  To Clock:  sys_clk_pin

Setup :            0  Failing Endpoints,  Worst Slack        3.906ns,  Total Violation        0.000ns
Hold  :            0  Failing Endpoints,  Worst Slack        0.084ns,  Total Violation        0.000ns
PW    :            0  Failing Endpoints,  Worst Slack        4.500ns,  Total Violation        0.000ns
---------------------------------------------------------------------------------------------------


Max Delay Paths
--------------------------------------------------------------------------------------
Slack (MET) :             3.906ns  (required time - arrival time)
  Source:                 current_state_reg[2]/C
                            (rising edge-triggered cell FDRE clocked by sys_clk_pin  {rise@0.000ns fall@5.000ns period=10.000ns})
  Destination:            slow_clk_reg[25]/CE
                            (rising edge-triggered cell FDRE clocked by sys_clk_pin  {rise@0.000ns fall@5.000ns period=10.000ns})
  Path Group:             sys_clk_pin
  Path Type:              Setup (Max at Slow Process Corner)
  Requirement:            10.000ns  (sys_clk_pin rise@10.000ns - sys_clk_pin rise@0.000ns)
  Data Path Delay:        5.734ns  (logic 0.580ns (10.116%)  route 5.154ns (89.884%))
  Logic Levels:           1  (LUT3=1)
  Clock Path Skew:        -0.120ns (DCD - SCD + CPR)
    Destination Clock Delay (DCD):    4.764ns = ( 14.764 - 10.000 ) 
    Source Clock Delay      (SCD):    5.071ns
    Clock Pessimism Removal (CPR):    0.187ns
  Clock Uncertainty:      0.035ns  ((TSJ^2 + TIJ^2)^1/2 + DJ) / 2 + PE
    Total System Jitter     (TSJ):    0.071ns
    Total Input Jitter      (TIJ):    0.000ns
    Discrete Jitter          (DJ):    0.000ns
    Phase Error              (PE):    0.000ns

    Location             Delay type                Incr(ns)  Path(ns)    Netlist Resource(s)
  -------------------------------------------------------------------    -------------------
                         (clock sys_clk_pin rise edge)
                                                      0.000     0.000 r  
    W5                                                0.000     0.000 r  clk (IN)
                         net (fo=0)                   0.000     0.000    clk
    W5                   IBUF (Prop_ibuf_I_O)         1.458     1.458 r  clk_IBUF_inst/O
                         net (fo=1, routed)           1.967     3.425    clk_IBUF
    BUFGCTRL_X0Y0        BUFG (Prop_bufg_I_O)         0.096     3.521 r  clk_IBUF_BUFG_inst/O
                         net (fo=203, routed)         1.550     5.071    clk_IBUF_BUFG
    SLICE_X33Y61         FDRE                                         r  current_state_reg[2]/C
  -------------------------------------------------------------------    -------------------
    SLICE_X33Y61         FDRE (Prop_fdre_C_Q)         0.456     5.527 r  current_state_reg[2]/Q
                         net (fo=73, routed)          1.517     7.044    current_state_reg_n_0_[2]
    SLICE_X29Y58         LUT3 (Prop_lut3_I0_O)        0.124     7.168 r  slow_clk[25]_i_2/O
                         net (fo=141, routed)         3.636    10.805    slow_clk[25]_i_2_n_0
    SLICE_X40Y77         FDRE                                         r  slow_clk_reg[25]/CE
  -------------------------------------------------------------------    -------------------

                         (clock sys_clk_pin rise edge)
                                                     10.000    10.000 r  
    W5                                                0.000    10.000 r  clk (IN)
                         net (fo=0)                   0.000    10.000    clk
    W5                   IBUF (Prop_ibuf_I_O)         1.388    11.388 r  clk_IBUF_inst/O
                         net (fo=1, routed)           1.862    13.250    clk_IBUF
    BUFGCTRL_X0Y0        BUFG (Prop_bufg_I_O)         0.091    13.341 r  clk_IBUF_BUFG_inst/O
                         net (fo=203, routed)         1.423    14.764    clk_IBUF_BUFG
    SLICE_X40Y77         FDRE                                         r  slow_clk_reg[25]/C
                         clock pessimism              0.187    14.951    
                         clock uncertainty           -0.035    14.915    
    SLICE_X40Y77         FDRE (Setup_fdre_C_CE)      -0.205    14.710    slow_clk_reg[25]
  -------------------------------------------------------------------
                         required time                         14.710    
                         arrival time                         -10.805    
  -------------------------------------------------------------------
                         slack                                  3.906    

Slack (MET) :             3.978ns  (required time - arrival time)
  Source:                 current_state_reg[2]/C
                            (rising edge-triggered cell FDRE clocked by sys_clk_pin  {rise@0.000ns fall@5.000ns period=10.000ns})
  Destination:            sleep_level_reg[3]/D
                            (rising edge-triggered cell FDRE clocked by sys_clk_pin  {rise@0.000ns fall@5.000ns period=10.000ns})
  Path Group:             sys_clk_pin
  Path Type:              Setup (Max at Slow Process Corner)
  Requirement:            10.000ns  (sys_clk_pin rise@10.000ns - sys_clk_pin rise@0.000ns)
  Data Path Delay:        5.907ns  (logic 1.185ns (20.062%)  route 4.722ns (79.938%))
  Logic Levels:           4  (LUT3=1 LUT5=1 LUT6=2)
  Clock Path Skew:        -0.109ns (DCD - SCD + CPR)
    Destination Clock Delay (DCD):    4.775ns = ( 14.775 - 10.000 ) 
    Source Clock Delay      (SCD):    5.071ns
    Clock Pessimism Removal (CPR):    0.187ns
  Clock Uncertainty:      0.035ns  ((TSJ^2 + TIJ^2)^1/2 + DJ) / 2 + PE
    Total System Jitter     (TSJ):    0.071ns
    Total Input Jitter      (TIJ):    0.000ns
    Discrete Jitter          (DJ):    0.000ns
    Phase Error              (PE):    0.000ns

    Location             Delay type                Incr(ns)  Path(ns)    Netlist Resource(s)
  -------------------------------------------------------------------    -------------------
                         (clock sys_clk_pin rise edge)
                                                      0.000     0.000 r  
    W5                                                0.000     0.000 r  clk (IN)
                         net (fo=0)                   0.000     0.000    clk
    W5                   IBUF (Prop_ibuf_I_O)         1.458     1.458 r  clk_IBUF_inst/O
                         net (fo=1, routed)           1.967     3.425    clk_IBUF
    BUFGCTRL_X0Y0        BUFG (Prop_bufg_I_O)         0.096     3.521 r  clk_IBUF_BUFG_inst/O
                         net (fo=203, routed)         1.550     5.071    clk_IBUF_BUFG
    SLICE_X33Y61         FDRE                                         r  current_state_reg[2]/C
  -------------------------------------------------------------------    -------------------
    SLICE_X33Y61         FDRE (Prop_fdre_C_Q)         0.456     5.527 r  current_state_reg[2]/Q
                         net (fo=73, routed)          2.007     7.534    current_state_reg_n_0_[2]
    SLICE_X39Y59         LUT3 (Prop_lut3_I2_O)        0.154     7.688 f  sleep_level[4]_i_7/O
                         net (fo=5, routed)           1.008     8.696    sleep_level[4]_i_7_n_0
    SLICE_X33Y55         LUT6 (Prop_lut6_I2_O)        0.327     9.023 r  sleep_level[4]_i_8/O
                         net (fo=4, routed)           1.114    10.137    sleep_level[4]_i_8_n_0
    SLICE_X38Y57         LUT5 (Prop_lut5_I0_O)        0.124    10.261 r  sleep_level[3]_i_2/O
                         net (fo=2, routed)           0.593    10.854    sleep_level[3]_i_2_n_0
    SLICE_X39Y57         LUT6 (Prop_lut6_I0_O)        0.124    10.978 r  sleep_level[3]_i_1/O
                         net (fo=1, routed)           0.000    10.978    sleep_level[3]_i_1_n_0
    SLICE_X39Y57         FDRE                                         r  sleep_level_reg[3]/D
  -------------------------------------------------------------------    -------------------

                         (clock sys_clk_pin rise edge)
                                                     10.000    10.000 r  
    W5                                                0.000    10.000 r  clk (IN)
                         net (fo=0)                   0.000    10.000    clk
    W5                   IBUF (Prop_ibuf_I_O)         1.388    11.388 r  clk_IBUF_inst/O
                         net (fo=1, routed)           1.862    13.250    clk_IBUF
    BUFGCTRL_X0Y0        BUFG (Prop_bufg_I_O)         0.091    13.341 r  clk_IBUF_BUFG_inst/O
                         net (fo=203, routed)         1.434    14.775    clk_IBUF_BUFG
    SLICE_X39Y57         FDRE                                         r  sleep_level_reg[3]/C
                         clock pessimism              0.187    14.962    
                         clock uncertainty           -0.035    14.926    
    SLICE_X39Y57         FDRE (Setup_fdre_C_D)        0.029    14.955    sleep_level_reg[3]
  -------------------------------------------------------------------
                         required time                         14.955    
                         arrival time                         -10.978    
  -------------------------------------------------------------------
                         slack                                  3.978    

Slack (MET) :             4.044ns  (required time - arrival time)
  Source:                 current_state_reg[2]/C
                            (rising edge-triggered cell FDRE clocked by sys_clk_pin  {rise@0.000ns fall@5.000ns period=10.000ns})
  Destination:            slow_clk_reg[21]/CE
                            (rising edge-triggered cell FDRE clocked by sys_clk_pin  {rise@0.000ns fall@5.000ns period=10.000ns})
  Path Group:             sys_clk_pin
  Path Type:              Setup (Max at Slow Process Corner)
  Requirement:            10.000ns  (sys_clk_pin rise@10.000ns - sys_clk_pin rise@0.000ns)
  Data Path Delay:        5.594ns  (logic 0.580ns (10.368%)  route 5.014ns (89.632%))
  Logic Levels:           1  (LUT3=1)
  Clock Path Skew:        -0.121ns (DCD - SCD + CPR)
    Destination Clock Delay (DCD):    4.763ns = ( 14.763 - 10.000 ) 
    Source Clock Delay      (SCD):    5.071ns
    Clock Pessimism Removal (CPR):    0.187ns
  Clock Uncertainty:      0.035ns  ((TSJ^2 + TIJ^2)^1/2 + DJ) / 2 + PE
    Total System Jitter     (TSJ):    0.071ns
    Total Input Jitter      (TIJ):    0.000ns
    Discrete Jitter          (DJ):    0.000ns
    Phase Error              (PE):    0.000ns

    Location             Delay type                Incr(ns)  Path(ns)    Netlist Resource(s)
  -------------------------------------------------------------------    -------------------
                         (clock sys_clk_pin rise edge)
                                                      0.000     0.000 r  
    W5                                                0.000     0.000 r  clk (IN)
                         net (fo=0)                   0.000     0.000    clk
    W5                   IBUF (Prop_ibuf_I_O)         1.458     1.458 r  clk_IBUF_inst/O
                         net (fo=1, routed)           1.967     3.425    clk_IBUF
    BUFGCTRL_X0Y0        BUFG (Prop_bufg_I_O)         0.096     3.521 r  clk_IBUF_BUFG_inst/O
                         net (fo=203, routed)         1.550     5.071    clk_IBUF_BUFG
    SLICE_X33Y61         FDRE                                         r  current_state_reg[2]/C
  -------------------------------------------------------------------    -------------------
    SLICE_X33Y61         FDRE (Prop_fdre_C_Q)         0.456     5.527 r  current_state_reg[2]/Q
                         net (fo=73, routed)          1.517     7.044    current_state_reg_n_0_[2]
    SLICE_X29Y58         LUT3 (Prop_lut3_I0_O)        0.124     7.168 r  slow_clk[25]_i_2/O
                         net (fo=141, routed)         3.497    10.665    slow_clk[25]_i_2_n_0
    SLICE_X40Y76         FDRE                                         r  slow_clk_reg[21]/CE
  -------------------------------------------------------------------    -------------------

                         (clock sys_clk_pin rise edge)
                                                     10.000    10.000 r  
    W5                                                0.000    10.000 r  clk (IN)
                         net (fo=0)                   0.000    10.000    clk
    W5                   IBUF (Prop_ibuf_I_O)         1.388    11.388 r  clk_IBUF_inst/O
                         net (fo=1, routed)           1.862    13.250    clk_IBUF
    BUFGCTRL_X0Y0        BUFG (Prop_bufg_I_O)         0.091    13.341 r  clk_IBUF_BUFG_inst/O
                         net (fo=203, routed)         1.422    14.763    clk_IBUF_BUFG
    SLICE_X40Y76         FDRE                                         r  slow_clk_reg[21]/C
                         clock pessimism              0.187    14.950    
                         clock uncertainty           -0.035    14.914    
    SLICE_X40Y76         FDRE (Setup_fdre_C_CE)      -0.205    14.709    slow_clk_reg[21]
  -------------------------------------------------------------------
                         required time                         14.709    
                         arrival time                         -10.665    
  -------------------------------------------------------------------
                         slack                                  4.044    

Slack (MET) :             4.044ns  (required time - arrival time)
  Source:                 current_state_reg[2]/C
                            (rising edge-triggered cell FDRE clocked by sys_clk_pin  {rise@0.000ns fall@5.000ns period=10.000ns})
  Destination:            slow_clk_reg[22]/CE
                            (rising edge-triggered cell FDRE clocked by sys_clk_pin  {rise@0.000ns fall@5.000ns period=10.000ns})
  Path Group:             sys_clk_pin
  Path Type:              Setup (Max at Slow Process Corner)
  Requirement:            10.000ns  (sys_clk_pin rise@10.000ns - sys_clk_pin rise@0.000ns)
  Data Path Delay:        5.594ns  (logic 0.580ns (10.368%)  route 5.014ns (89.632%))
  Logic Levels:           1  (LUT3=1)
  Clock Path Skew:        -0.121ns (DCD - SCD + CPR)
    Destination Clock Delay (DCD):    4.763ns = ( 14.763 - 10.000 ) 
    Source Clock Delay      (SCD):    5.071ns
    Clock Pessimism Removal (CPR):    0.187ns
  Clock Uncertainty:      0.035ns  ((TSJ^2 + TIJ^2)^1/2 + DJ) / 2 + PE
    Total System Jitter     (TSJ):    0.071ns
    Total Input Jitter      (TIJ):    0.000ns
    Discrete Jitter          (DJ):    0.000ns
    Phase Error              (PE):    0.000ns

    Location             Delay type                Incr(ns)  Path(ns)    Netlist Resource(s)
  -------------------------------------------------------------------    -------------------
                         (clock sys_clk_pin rise edge)
                                                      0.000     0.000 r  
    W5                                                0.000     0.000 r  clk (IN)
                         net (fo=0)                   0.000     0.000    clk
    W5                   IBUF (Prop_ibuf_I_O)         1.458     1.458 r  clk_IBUF_inst/O
                         net (fo=1, routed)           1.967     3.425    clk_IBUF
    BUFGCTRL_X0Y0        BUFG (Prop_bufg_I_O)         0.096     3.521 r  clk_IBUF_BUFG_inst/O
                         net (fo=203, routed)         1.550     5.071    clk_IBUF_BUFG
    SLICE_X33Y61         FDRE                                         r  current_state_reg[2]/C
  -------------------------------------------------------------------    -------------------
    SLICE_X33Y61         FDRE (Prop_fdre_C_Q)         0.456     5.527 r  current_state_reg[2]/Q
                         net (fo=73, routed)          1.517     7.044    current_state_reg_n_0_[2]
    SLICE_X29Y58         LUT3 (Prop_lut3_I0_O)        0.124     7.168 r  slow_clk[25]_i_2/O
                         net (fo=141, routed)         3.497    10.665    slow_clk[25]_i_2_n_0
    SLICE_X40Y76         FDRE                                         r  slow_clk_reg[22]/CE
  -------------------------------------------------------------------    -------------------

                         (clock sys_clk_pin rise edge)
                                                     10.000    10.000 r  
    W5                                                0.000    10.000 r  clk (IN)
                         net (fo=0)                   0.000    10.000    clk
    W5                   IBUF (Prop_ibuf_I_O)         1.388    11.388 r  clk_IBUF_inst/O
                         net (fo=1, routed)           1.862    13.250    clk_IBUF
    BUFGCTRL_X0Y0        BUFG (Prop_bufg_I_O)         0.091    13.341 r  clk_IBUF_BUFG_inst/O
                         net (fo=203, routed)         1.422    14.763    clk_IBUF_BUFG
    SLICE_X40Y76         FDRE                                         r  slow_clk_reg[22]/C
                         clock pessimism              0.187    14.950    
                         clock uncertainty           -0.035    14.914    
    SLICE_X40Y76         FDRE (Setup_fdre_C_CE)      -0.205    14.709    slow_clk_reg[22]
  -------------------------------------------------------------------
                         required time                         14.709    
                         arrival time                         -10.665    
  -------------------------------------------------------------------
                         slack                                  4.044    

Slack (MET) :             4.044ns  (required time - arrival time)
  Source:                 current_state_reg[2]/C
                            (rising edge-triggered cell FDRE clocked by sys_clk_pin  {rise@0.000ns fall@5.000ns period=10.000ns})
  Destination:            slow_clk_reg[23]/CE
                            (rising edge-triggered cell FDRE clocked by sys_clk_pin  {rise@0.000ns fall@5.000ns period=10.000ns})
  Path Group:             sys_clk_pin
  Path Type:              Setup (Max at Slow Process Corner)
  Requirement:            10.000ns  (sys_clk_pin rise@10.000ns - sys_clk_pin rise@0.000ns)
  Data Path Delay:        5.594ns  (logic 0.580ns (10.368%)  route 5.014ns (89.632%))
  Logic Levels:           1  (LUT3=1)
  Clock Path Skew:        -0.121ns (DCD - SCD + CPR)
    Destination Clock Delay (DCD):    4.763ns = ( 14.763 - 10.000 ) 
    Source Clock Delay      (SCD):    5.071ns
    Clock Pessimism Removal (CPR):    0.187ns
  Clock Uncertainty:      0.035ns  ((TSJ^2 + TIJ^2)^1/2 + DJ) / 2 + PE
    Total System Jitter     (TSJ):    0.071ns
    Total Input Jitter      (TIJ):    0.000ns
    Discrete Jitter          (DJ):    0.000ns
    Phase Error              (PE):    0.000ns

    Location             Delay type                Incr(ns)  Path(ns)    Netlist Resource(s)
  -------------------------------------------------------------------    -------------------
                         (clock sys_clk_pin rise edge)
                                                      0.000     0.000 r  
    W5                                                0.000     0.000 r  clk (IN)
                         net (fo=0)                   0.000     0.000    clk
    W5                   IBUF (Prop_ibuf_I_O)         1.458     1.458 r  clk_IBUF_inst/O
                         net (fo=1, routed)           1.967     3.425    clk_IBUF
    BUFGCTRL_X0Y0        BUFG (Prop_bufg_I_O)         0.096     3.521 r  clk_IBUF_BUFG_inst/O
                         net (fo=203, routed)         1.550     5.071    clk_IBUF_BUFG
    SLICE_X33Y61         FDRE                                         r  current_state_reg[2]/C
  -------------------------------------------------------------------    -------------------
    SLICE_X33Y61         FDRE (Prop_fdre_C_Q)         0.456     5.527 r  current_state_reg[2]/Q
                         net (fo=73, routed)          1.517     7.044    current_state_reg_n_0_[2]
    SLICE_X29Y58         LUT3 (Prop_lut3_I0_O)        0.124     7.168 r  slow_clk[25]_i_2/O
                         net (fo=141, routed)         3.497    10.665    slow_clk[25]_i_2_n_0
    SLICE_X40Y76         FDRE                                         r  slow_clk_reg[23]/CE
  -------------------------------------------------------------------    -------------------

                         (clock sys_clk_pin rise edge)
                                                     10.000    10.000 r  
    W5                                                0.000    10.000 r  clk (IN)
                         net (fo=0)                   0.000    10.000    clk
    W5                   IBUF (Prop_ibuf_I_O)         1.388    11.388 r  clk_IBUF_inst/O
                         net (fo=1, routed)           1.862    13.250    clk_IBUF
    BUFGCTRL_X0Y0        BUFG (Prop_bufg_I_O)         0.091    13.341 r  clk_IBUF_BUFG_inst/O
                         net (fo=203, routed)         1.422    14.763    clk_IBUF_BUFG
    SLICE_X40Y76         FDRE                                         r  slow_clk_reg[23]/C
                         clock pessimism              0.187    14.950    
                         clock uncertainty           -0.035    14.914    
    SLICE_X40Y76         FDRE (Setup_fdre_C_CE)      -0.205    14.709    slow_clk_reg[23]
  -------------------------------------------------------------------
                         required time                         14.709    
                         arrival time                         -10.665    
  -------------------------------------------------------------------
                         slack                                  4.044    

Slack (MET) :             4.044ns  (required time - arrival time)
  Source:                 current_state_reg[2]/C
                            (rising edge-triggered cell FDRE clocked by sys_clk_pin  {rise@0.000ns fall@5.000ns period=10.000ns})
  Destination:            slow_clk_reg[24]/CE
                            (rising edge-triggered cell FDRE clocked by sys_clk_pin  {rise@0.000ns fall@5.000ns period=10.000ns})
  Path Group:             sys_clk_pin
  Path Type:              Setup (Max at Slow Process Corner)
  Requirement:            10.000ns  (sys_clk_pin rise@10.000ns - sys_clk_pin rise@0.000ns)
  Data Path Delay:        5.594ns  (logic 0.580ns (10.368%)  route 5.014ns (89.632%))
  Logic Levels:           1  (LUT3=1)
  Clock Path Skew:        -0.121ns (DCD - SCD + CPR)
    Destination Clock Delay (DCD):    4.763ns = ( 14.763 - 10.000 ) 
    Source Clock Delay      (SCD):    5.071ns
    Clock Pessimism Removal (CPR):    0.187ns
  Clock Uncertainty:      0.035ns  ((TSJ^2 + TIJ^2)^1/2 + DJ) / 2 + PE
    Total System Jitter     (TSJ):    0.071ns
    Total Input Jitter      (TIJ):    0.000ns
    Discrete Jitter          (DJ):    0.000ns
    Phase Error              (PE):    0.000ns

    Location             Delay type                Incr(ns)  Path(ns)    Netlist Resource(s)
  -------------------------------------------------------------------    -------------------
                         (clock sys_clk_pin rise edge)
                                                      0.000     0.000 r  
    W5                                                0.000     0.000 r  clk (IN)
                         net (fo=0)                   0.000     0.000    clk
    W5                   IBUF (Prop_ibuf_I_O)         1.458     1.458 r  clk_IBUF_inst/O
                         net (fo=1, routed)           1.967     3.425    clk_IBUF
    BUFGCTRL_X0Y0        BUFG (Prop_bufg_I_O)         0.096     3.521 r  clk_IBUF_BUFG_inst/O
                         net (fo=203, routed)         1.550     5.071    clk_IBUF_BUFG
    SLICE_X33Y61         FDRE                                         r  current_state_reg[2]/C
  -------------------------------------------------------------------    -------------------
    SLICE_X33Y61         FDRE (Prop_fdre_C_Q)         0.456     5.527 r  current_state_reg[2]/Q
                         net (fo=73, routed)          1.517     7.044    current_state_reg_n_0_[2]
    SLICE_X29Y58         LUT3 (Prop_lut3_I0_O)        0.124     7.168 r  slow_clk[25]_i_2/O
                         net (fo=141, routed)         3.497    10.665    slow_clk[25]_i_2_n_0
    SLICE_X40Y76         FDRE                                         r  slow_clk_reg[24]/CE
  -------------------------------------------------------------------    -------------------

                         (clock sys_clk_pin rise edge)
                                                     10.000    10.000 r  
    W5                                                0.000    10.000 r  clk (IN)
                         net (fo=0)                   0.000    10.000    clk
    W5                   IBUF (Prop_ibuf_I_O)         1.388    11.388 r  clk_IBUF_inst/O
                         net (fo=1, routed)           1.862    13.250    clk_IBUF
    BUFGCTRL_X0Y0        BUFG (Prop_bufg_I_O)         0.091    13.341 r  clk_IBUF_BUFG_inst/O
                         net (fo=203, routed)         1.422    14.763    clk_IBUF_BUFG
    SLICE_X40Y76         FDRE                                         r  slow_clk_reg[24]/C
                         clock pessimism              0.187    14.950    
                         clock uncertainty           -0.035    14.914    
    SLICE_X40Y76         FDRE (Setup_fdre_C_CE)      -0.205    14.709    slow_clk_reg[24]
  -------------------------------------------------------------------
                         required time                         14.709    
                         arrival time                         -10.665    
  -------------------------------------------------------------------
                         slack                                  4.044    

Slack (MET) :             4.108ns  (required time - arrival time)
  Source:                 current_state_reg[2]/C
                            (rising edge-triggered cell FDRE clocked by sys_clk_pin  {rise@0.000ns fall@5.000ns period=10.000ns})
  Destination:            sleep_level_reg[2]/D
                            (rising edge-triggered cell FDRE clocked by sys_clk_pin  {rise@0.000ns fall@5.000ns period=10.000ns})
  Path Group:             sys_clk_pin
  Path Type:              Setup (Max at Slow Process Corner)
  Requirement:            10.000ns  (sys_clk_pin rise@10.000ns - sys_clk_pin rise@0.000ns)
  Data Path Delay:        5.778ns  (logic 1.185ns (20.509%)  route 4.593ns (79.491%))
  Logic Levels:           4  (LUT3=1 LUT5=1 LUT6=2)
  Clock Path Skew:        -0.109ns (DCD - SCD + CPR)
    Destination Clock Delay (DCD):    4.775ns = ( 14.775 - 10.000 ) 
    Source Clock Delay      (SCD):    5.071ns
    Clock Pessimism Removal (CPR):    0.187ns
  Clock Uncertainty:      0.035ns  ((TSJ^2 + TIJ^2)^1/2 + DJ) / 2 + PE
    Total System Jitter     (TSJ):    0.071ns
    Total Input Jitter      (TIJ):    0.000ns
    Discrete Jitter          (DJ):    0.000ns
    Phase Error              (PE):    0.000ns

    Location             Delay type                Incr(ns)  Path(ns)    Netlist Resource(s)
  -------------------------------------------------------------------    -------------------
                         (clock sys_clk_pin rise edge)
                                                      0.000     0.000 r  
    W5                                                0.000     0.000 r  clk (IN)
                         net (fo=0)                   0.000     0.000    clk
    W5                   IBUF (Prop_ibuf_I_O)         1.458     1.458 r  clk_IBUF_inst/O
                         net (fo=1, routed)           1.967     3.425    clk_IBUF
    BUFGCTRL_X0Y0        BUFG (Prop_bufg_I_O)         0.096     3.521 r  clk_IBUF_BUFG_inst/O
                         net (fo=203, routed)         1.550     5.071    clk_IBUF_BUFG
    SLICE_X33Y61         FDRE                                         r  current_state_reg[2]/C
  -------------------------------------------------------------------    -------------------
    SLICE_X33Y61         FDRE (Prop_fdre_C_Q)         0.456     5.527 r  current_state_reg[2]/Q
                         net (fo=73, routed)          2.007     7.534    current_state_reg_n_0_[2]
    SLICE_X39Y59         LUT3 (Prop_lut3_I2_O)        0.154     7.688 f  sleep_level[4]_i_7/O
                         net (fo=5, routed)           1.008     8.696    sleep_level[4]_i_7_n_0
    SLICE_X33Y55         LUT6 (Prop_lut6_I2_O)        0.327     9.023 r  sleep_level[4]_i_8/O
                         net (fo=4, routed)           1.114    10.137    sleep_level[4]_i_8_n_0
    SLICE_X38Y57         LUT5 (Prop_lut5_I0_O)        0.124    10.261 r  sleep_level[3]_i_2/O
                         net (fo=2, routed)           0.464    10.725    sleep_level[3]_i_2_n_0
    SLICE_X39Y57         LUT6 (Prop_lut6_I0_O)        0.124    10.849 r  sleep_level[2]_i_1/O
                         net (fo=1, routed)           0.000    10.849    sleep_level[2]_i_1_n_0
    SLICE_X39Y57         FDRE                                         r  sleep_level_reg[2]/D
  -------------------------------------------------------------------    -------------------

                         (clock sys_clk_pin rise edge)
                                                     10.000    10.000 r  
    W5                                                0.000    10.000 r  clk (IN)
                         net (fo=0)                   0.000    10.000    clk
    W5                   IBUF (Prop_ibuf_I_O)         1.388    11.388 r  clk_IBUF_inst/O
                         net (fo=1, routed)           1.862    13.250    clk_IBUF
    BUFGCTRL_X0Y0        BUFG (Prop_bufg_I_O)         0.091    13.341 r  clk_IBUF_BUFG_inst/O
                         net (fo=203, routed)         1.434    14.775    clk_IBUF_BUFG
    SLICE_X39Y57         FDRE                                         r  sleep_level_reg[2]/C
                         clock pessimism              0.187    14.962    
                         clock uncertainty           -0.035    14.926    
    SLICE_X39Y57         FDRE (Setup_fdre_C_D)        0.031    14.957    sleep_level_reg[2]
  -------------------------------------------------------------------
                         required time                         14.957    
                         arrival time                         -10.849    
  -------------------------------------------------------------------
                         slack                                  4.108    

Slack (MET) :             4.159ns  (required time - arrival time)
  Source:                 food_decay_clk_reg[4]/C
                            (rising edge-triggered cell FDRE clocked by sys_clk_pin  {rise@0.000ns fall@5.000ns period=10.000ns})
  Destination:            food_level_reg[1]/D
                            (rising edge-triggered cell FDRE clocked by sys_clk_pin  {rise@0.000ns fall@5.000ns period=10.000ns})
  Path Group:             sys_clk_pin
  Path Type:              Setup (Max at Slow Process Corner)
  Requirement:            10.000ns  (sys_clk_pin rise@10.000ns - sys_clk_pin rise@0.000ns)
  Data Path Delay:        5.438ns  (logic 1.364ns (25.084%)  route 4.074ns (74.916%))
  Logic Levels:           6  (LUT3=1 LUT4=1 LUT6=4)
  Clock Path Skew:        -0.113ns (DCD - SCD + CPR)
    Destination Clock Delay (DCD):    4.776ns = ( 14.776 - 10.000 ) 
    Source Clock Delay      (SCD):    5.076ns
    Clock Pessimism Removal (CPR):    0.187ns
  Clock Uncertainty:      0.035ns  ((TSJ^2 + TIJ^2)^1/2 + DJ) / 2 + PE
    Total System Jitter     (TSJ):    0.071ns
    Total Input Jitter      (TIJ):    0.000ns
    Discrete Jitter          (DJ):    0.000ns
    Phase Error              (PE):    0.000ns

    Location             Delay type                Incr(ns)  Path(ns)    Netlist Resource(s)
  -------------------------------------------------------------------    -------------------
                         (clock sys_clk_pin rise edge)
                                                      0.000     0.000 r  
    W5                                                0.000     0.000 r  clk (IN)
                         net (fo=0)                   0.000     0.000    clk
    W5                   IBUF (Prop_ibuf_I_O)         1.458     1.458 r  clk_IBUF_inst/O
                         net (fo=1, routed)           1.967     3.425    clk_IBUF
    BUFGCTRL_X0Y0        BUFG (Prop_bufg_I_O)         0.096     3.521 r  clk_IBUF_BUFG_inst/O
                         net (fo=203, routed)         1.555     5.076    clk_IBUF_BUFG
    SLICE_X28Y52         FDRE                                         r  food_decay_clk_reg[4]/C
  -------------------------------------------------------------------    -------------------
    SLICE_X28Y52         FDRE (Prop_fdre_C_Q)         0.419     5.495 f  food_decay_clk_reg[4]/Q
                         net (fo=3, routed)           1.058     6.553    food_decay_clk_reg_n_0_[4]
    SLICE_X30Y52         LUT4 (Prop_lut4_I0_O)        0.297     6.850 f  food_decay_clk[0]_i_8/O
                         net (fo=1, routed)           0.403     7.253    food_decay_clk[0]_i_8_n_0
    SLICE_X31Y53         LUT6 (Prop_lut6_I1_O)        0.124     7.377 f  food_decay_clk[0]_i_5/O
                         net (fo=1, routed)           0.520     7.897    food_decay_clk[0]_i_5_n_0
    SLICE_X30Y53         LUT6 (Prop_lut6_I5_O)        0.124     8.021 f  food_decay_clk[0]_i_2/O
                         net (fo=3, routed)           0.626     8.648    food_decay_clk[0]_i_2_n_0
    SLICE_X38Y55         LUT6 (Prop_lut6_I0_O)        0.124     8.772 f  food_level[4]_i_4/O
                         net (fo=3, routed)           0.312     9.084    food_level[4]_i_4_n_0
    SLICE_X36Y54         LUT6 (Prop_lut6_I0_O)        0.124     9.208 f  food_level[1]_i_2/O
                         net (fo=2, routed)           0.659     9.868    food_level[1]_i_2_n_0
    SLICE_X37Y54         LUT3 (Prop_lut3_I2_O)        0.152    10.020 r  food_level[1]_i_1/O
                         net (fo=1, routed)           0.494    10.514    food_level[1]_i_1_n_0
    SLICE_X37Y54         FDRE                                         r  food_level_reg[1]/D
  -------------------------------------------------------------------    -------------------

                         (clock sys_clk_pin rise edge)
                                                     10.000    10.000 r  
    W5                                                0.000    10.000 r  clk (IN)
                         net (fo=0)                   0.000    10.000    clk
    W5                   IBUF (Prop_ibuf_I_O)         1.388    11.388 r  clk_IBUF_inst/O
                         net (fo=1, routed)           1.862    13.250    clk_IBUF
    BUFGCTRL_X0Y0        BUFG (Prop_bufg_I_O)         0.091    13.341 r  clk_IBUF_BUFG_inst/O
                         net (fo=203, routed)         1.435    14.776    clk_IBUF_BUFG
    SLICE_X37Y54         FDRE                                         r  food_level_reg[1]/C
                         clock pessimism              0.187    14.963    
                         clock uncertainty           -0.035    14.927    
    SLICE_X37Y54         FDRE (Setup_fdre_C_D)       -0.255    14.672    food_level_reg[1]
  -------------------------------------------------------------------
                         required time                         14.672    
                         arrival time                         -10.514    
  -------------------------------------------------------------------
                         slack                                  4.159    

Slack (MET) :             4.225ns  (required time - arrival time)
  Source:                 current_state_reg[2]/C
                            (rising edge-triggered cell FDRE clocked by sys_clk_pin  {rise@0.000ns fall@5.000ns period=10.000ns})
  Destination:            slow_clk_reg[13]/CE
                            (rising edge-triggered cell FDRE clocked by sys_clk_pin  {rise@0.000ns fall@5.000ns period=10.000ns})
  Path Group:             sys_clk_pin
  Path Type:              Setup (Max at Slow Process Corner)
  Requirement:            10.000ns  (sys_clk_pin rise@10.000ns - sys_clk_pin rise@0.000ns)
  Data Path Delay:        5.411ns  (logic 0.580ns (10.719%)  route 4.831ns (89.281%))
  Logic Levels:           1  (LUT3=1)
  Clock Path Skew:        -0.123ns (DCD - SCD + CPR)
    Destination Clock Delay (DCD):    4.761ns = ( 14.761 - 10.000 ) 
    Source Clock Delay      (SCD):    5.071ns
    Clock Pessimism Removal (CPR):    0.187ns
  Clock Uncertainty:      0.035ns  ((TSJ^2 + TIJ^2)^1/2 + DJ) / 2 + PE
    Total System Jitter     (TSJ):    0.071ns
    Total Input Jitter      (TIJ):    0.000ns
    Discrete Jitter          (DJ):    0.000ns
    Phase Error              (PE):    0.000ns

    Location             Delay type                Incr(ns)  Path(ns)    Netlist Resource(s)
  -------------------------------------------------------------------    -------------------
                         (clock sys_clk_pin rise edge)
                                                      0.000     0.000 r  
    W5                                                0.000     0.000 r  clk (IN)
                         net (fo=0)                   0.000     0.000    clk
    W5                   IBUF (Prop_ibuf_I_O)         1.458     1.458 r  clk_IBUF_inst/O
                         net (fo=1, routed)           1.967     3.425    clk_IBUF
    BUFGCTRL_X0Y0        BUFG (Prop_bufg_I_O)         0.096     3.521 r  clk_IBUF_BUFG_inst/O
                         net (fo=203, routed)         1.550     5.071    clk_IBUF_BUFG
    SLICE_X33Y61         FDRE                                         r  current_state_reg[2]/C
  -------------------------------------------------------------------    -------------------
    SLICE_X33Y61         FDRE (Prop_fdre_C_Q)         0.456     5.527 r  current_state_reg[2]/Q
                         net (fo=73, routed)          1.517     7.044    current_state_reg_n_0_[2]
    SLICE_X29Y58         LUT3 (Prop_lut3_I0_O)        0.124     7.168 r  slow_clk[25]_i_2/O
                         net (fo=141, routed)         3.314    10.482    slow_clk[25]_i_2_n_0
    SLICE_X40Y74         FDRE                                         r  slow_clk_reg[13]/CE
  -------------------------------------------------------------------    -------------------

                         (clock sys_clk_pin rise edge)
                                                     10.000    10.000 r  
    W5                                                0.000    10.000 r  clk (IN)
                         net (fo=0)                   0.000    10.000    clk
    W5                   IBUF (Prop_ibuf_I_O)         1.388    11.388 r  clk_IBUF_inst/O
                         net (fo=1, routed)           1.862    13.250    clk_IBUF
    BUFGCTRL_X0Y0        BUFG (Prop_bufg_I_O)         0.091    13.341 r  clk_IBUF_BUFG_inst/O
                         net (fo=203, routed)         1.420    14.761    clk_IBUF_BUFG
    SLICE_X40Y74         FDRE                                         r  slow_clk_reg[13]/C
                         clock pessimism              0.187    14.948    
                         clock uncertainty           -0.035    14.912    
    SLICE_X40Y74         FDRE (Setup_fdre_C_CE)      -0.205    14.707    slow_clk_reg[13]
  -------------------------------------------------------------------
                         required time                         14.707    
                         arrival time                         -10.482    
  -------------------------------------------------------------------
                         slack                                  4.225    

Slack (MET) :             4.225ns  (required time - arrival time)
  Source:                 current_state_reg[2]/C
                            (rising edge-triggered cell FDRE clocked by sys_clk_pin  {rise@0.000ns fall@5.000ns period=10.000ns})
  Destination:            slow_clk_reg[14]/CE
                            (rising edge-triggered cell FDRE clocked by sys_clk_pin  {rise@0.000ns fall@5.000ns period=10.000ns})
  Path Group:             sys_clk_pin
  Path Type:              Setup (Max at Slow Process Corner)
  Requirement:            10.000ns  (sys_clk_pin rise@10.000ns - sys_clk_pin rise@0.000ns)
  Data Path Delay:        5.411ns  (logic 0.580ns (10.719%)  route 4.831ns (89.281%))
  Logic Levels:           1  (LUT3=1)
  Clock Path Skew:        -0.123ns (DCD - SCD + CPR)
    Destination Clock Delay (DCD):    4.761ns = ( 14.761 - 10.000 ) 
    Source Clock Delay      (SCD):    5.071ns
    Clock Pessimism Removal (CPR):    0.187ns
  Clock Uncertainty:      0.035ns  ((TSJ^2 + TIJ^2)^1/2 + DJ) / 2 + PE
    Total System Jitter     (TSJ):    0.071ns
    Total Input Jitter      (TIJ):    0.000ns
    Discrete Jitter          (DJ):    0.000ns
    Phase Error              (PE):    0.000ns

    Location             Delay type                Incr(ns)  Path(ns)    Netlist Resource(s)
  -------------------------------------------------------------------    -------------------
                         (clock sys_clk_pin rise edge)
                                                      0.000     0.000 r  
    W5                                                0.000     0.000 r  clk (IN)
                         net (fo=0)                   0.000     0.000    clk
    W5                   IBUF (Prop_ibuf_I_O)         1.458     1.458 r  clk_IBUF_inst/O
                         net (fo=1, routed)           1.967     3.425    clk_IBUF
    BUFGCTRL_X0Y0        BUFG (Prop_bufg_I_O)         0.096     3.521 r  clk_IBUF_BUFG_inst/O
                         net (fo=203, routed)         1.550     5.071    clk_IBUF_BUFG
    SLICE_X33Y61         FDRE                                         r  current_state_reg[2]/C
  -------------------------------------------------------------------    -------------------
    SLICE_X33Y61         FDRE (Prop_fdre_C_Q)         0.456     5.527 r  current_state_reg[2]/Q
                         net (fo=73, routed)          1.517     7.044    current_state_reg_n_0_[2]
    SLICE_X29Y58         LUT3 (Prop_lut3_I0_O)        0.124     7.168 r  slow_clk[25]_i_2/O
                         net (fo=141, routed)         3.314    10.482    slow_clk[25]_i_2_n_0
    SLICE_X40Y74         FDRE                                         r  slow_clk_reg[14]/CE
  -------------------------------------------------------------------    -------------------

                         (clock sys_clk_pin rise edge)
                                                     10.000    10.000 r  
    W5                                                0.000    10.000 r  clk (IN)
                         net (fo=0)                   0.000    10.000    clk
    W5                   IBUF (Prop_ibuf_I_O)         1.388    11.388 r  clk_IBUF_inst/O
                         net (fo=1, routed)           1.862    13.250    clk_IBUF
    BUFGCTRL_X0Y0        BUFG (Prop_bufg_I_O)         0.091    13.341 r  clk_IBUF_BUFG_inst/O
                         net (fo=203, routed)         1.420    14.761    clk_IBUF_BUFG
    SLICE_X40Y74         FDRE                                         r  slow_clk_reg[14]/C
                         clock pessimism              0.187    14.948    
                         clock uncertainty           -0.035    14.912    
    SLICE_X40Y74         FDRE (Setup_fdre_C_CE)      -0.205    14.707    slow_clk_reg[14]
  -------------------------------------------------------------------
                         required time                         14.707    
                         arrival time                         -10.482    
  -------------------------------------------------------------------
                         slack                                  4.225    





Min Delay Paths
--------------------------------------------------------------------------------------
Slack (MET) :             0.084ns  (arrival time - required time)
  Source:                 current_state_reg[0]/C
                            (rising edge-triggered cell FDRE clocked by sys_clk_pin  {rise@0.000ns fall@5.000ns period=10.000ns})
  Destination:            health_clk_reg[24]/D
                            (rising edge-triggered cell FDRE clocked by sys_clk_pin  {rise@0.000ns fall@5.000ns period=10.000ns})
  Path Group:             sys_clk_pin
  Path Type:              Hold (Min at Fast Process Corner)
  Requirement:            0.000ns  (sys_clk_pin rise@0.000ns - sys_clk_pin rise@0.000ns)
  Data Path Delay:        0.470ns  (logic 0.209ns (44.456%)  route 0.261ns (55.544%))
  Logic Levels:           1  (LUT5=1)
  Clock Path Skew:        0.265ns (DCD - SCD - CPR)
    Destination Clock Delay (DCD):    1.955ns
    Source Clock Delay      (SCD):    1.441ns
    Clock Pessimism Removal (CPR):    0.249ns

    Location             Delay type                Incr(ns)  Path(ns)    Netlist Resource(s)
  -------------------------------------------------------------------    -------------------
                         (clock sys_clk_pin rise edge)
                                                      0.000     0.000 r  
    W5                                                0.000     0.000 r  clk (IN)
                         net (fo=0)                   0.000     0.000    clk
    W5                   IBUF (Prop_ibuf_I_O)         0.226     0.226 r  clk_IBUF_inst/O
                         net (fo=1, routed)           0.631     0.858    clk_IBUF
    BUFGCTRL_X0Y0        BUFG (Prop_bufg_I_O)         0.026     0.884 r  clk_IBUF_BUFG_inst/O
                         net (fo=203, routed)         0.558     1.441    clk_IBUF_BUFG
    SLICE_X34Y61         FDRE                                         r  current_state_reg[0]/C
  -------------------------------------------------------------------    -------------------
    SLICE_X34Y61         FDRE (Prop_fdre_C_Q)         0.164     1.605 r  current_state_reg[0]/Q
                         net (fo=105, routed)         0.261     1.866    current_state_reg_n_0_[0]
    SLICE_X38Y60         LUT5 (Prop_lut5_I0_O)        0.045     1.911 r  health_clk[24]_i_1/O
                         net (fo=1, routed)           0.000     1.911    health_clk0_out[24]
    SLICE_X38Y60         FDRE                                         r  health_clk_reg[24]/D
  -------------------------------------------------------------------    -------------------

                         (clock sys_clk_pin rise edge)
                                                      0.000     0.000 r  
    W5                                                0.000     0.000 r  clk (IN)
                         net (fo=0)                   0.000     0.000    clk
    W5                   IBUF (Prop_ibuf_I_O)         0.414     0.414 r  clk_IBUF_inst/O
                         net (fo=1, routed)           0.685     1.099    clk_IBUF
    BUFGCTRL_X0Y0        BUFG (Prop_bufg_I_O)         0.029     1.128 r  clk_IBUF_BUFG_inst/O
                         net (fo=203, routed)         0.827     1.955    clk_IBUF_BUFG
    SLICE_X38Y60         FDRE                                         r  health_clk_reg[24]/C
                         clock pessimism             -0.249     1.706    
    SLICE_X38Y60         FDRE (Hold_fdre_C_D)         0.121     1.827    health_clk_reg[24]
  -------------------------------------------------------------------
                         required time                         -1.827    
                         arrival time                           1.911    
  -------------------------------------------------------------------
                         slack                                  0.084    

Slack (MET) :             0.186ns  (arrival time - required time)
  Source:                 current_state_reg[1]/C
                            (rising edge-triggered cell FDRE clocked by sys_clk_pin  {rise@0.000ns fall@5.000ns period=10.000ns})
  Destination:            health_clk_reg[21]/D
                            (rising edge-triggered cell FDRE clocked by sys_clk_pin  {rise@0.000ns fall@5.000ns period=10.000ns})
  Path Group:             sys_clk_pin
  Path Type:              Hold (Min at Fast Process Corner)
  Requirement:            0.000ns  (sys_clk_pin rise@0.000ns - sys_clk_pin rise@0.000ns)
  Data Path Delay:        0.542ns  (logic 0.186ns (34.328%)  route 0.356ns (65.672%))
  Logic Levels:           1  (LUT5=1)
  Clock Path Skew:        0.264ns (DCD - SCD - CPR)
    Destination Clock Delay (DCD):    1.955ns
    Source Clock Delay      (SCD):    1.442ns
    Clock Pessimism Removal (CPR):    0.249ns

    Location             Delay type                Incr(ns)  Path(ns)    Netlist Resource(s)
  -------------------------------------------------------------------    -------------------
                         (clock sys_clk_pin rise edge)
                                                      0.000     0.000 r  
    W5                                                0.000     0.000 r  clk (IN)
                         net (fo=0)                   0.000     0.000    clk
    W5                   IBUF (Prop_ibuf_I_O)         0.226     0.226 r  clk_IBUF_inst/O
                         net (fo=1, routed)           0.631     0.858    clk_IBUF
    BUFGCTRL_X0Y0        BUFG (Prop_bufg_I_O)         0.026     0.884 r  clk_IBUF_BUFG_inst/O
                         net (fo=203, routed)         0.559     1.442    clk_IBUF_BUFG
    SLICE_X33Y61         FDRE                                         r  current_state_reg[1]/C
  -------------------------------------------------------------------    -------------------
    SLICE_X33Y61         FDRE (Prop_fdre_C_Q)         0.141     1.583 r  current_state_reg[1]/Q
                         net (fo=82, routed)          0.356     1.939    current_state_reg_n_0_[1]
    SLICE_X37Y60         LUT5 (Prop_lut5_I1_O)        0.045     1.984 r  health_clk[21]_i_1/O
                         net (fo=1, routed)           0.000     1.984    health_clk0_out[21]
    SLICE_X37Y60         FDRE                                         r  health_clk_reg[21]/D
  -------------------------------------------------------------------    -------------------

                         (clock sys_clk_pin rise edge)
                                                      0.000     0.000 r  
    W5                                                0.000     0.000 r  clk (IN)
                         net (fo=0)                   0.000     0.000    clk
    W5                   IBUF (Prop_ibuf_I_O)         0.414     0.414 r  clk_IBUF_inst/O
                         net (fo=1, routed)           0.685     1.099    clk_IBUF
    BUFGCTRL_X0Y0        BUFG (Prop_bufg_I_O)         0.029     1.128 r  clk_IBUF_BUFG_inst/O
                         net (fo=203, routed)         0.827     1.955    clk_IBUF_BUFG
    SLICE_X37Y60         FDRE                                         r  health_clk_reg[21]/C
                         clock pessimism             -0.249     1.706    
    SLICE_X37Y60         FDRE (Hold_fdre_C_D)         0.092     1.798    health_clk_reg[21]
  -------------------------------------------------------------------
                         required time                         -1.798    
                         arrival time                           1.984    
  -------------------------------------------------------------------
                         slack                                  0.186    

Slack (MET) :             0.219ns  (arrival time - required time)
  Source:                 current_state_reg[0]/C
                            (rising edge-triggered cell FDRE clocked by sys_clk_pin  {rise@0.000ns fall@5.000ns period=10.000ns})
  Destination:            health_clk_reg[23]/D
                            (rising edge-triggered cell FDRE clocked by sys_clk_pin  {rise@0.000ns fall@5.000ns period=10.000ns})
  Path Group:             sys_clk_pin
  Path Type:              Hold (Min at Fast Process Corner)
  Requirement:            0.000ns  (sys_clk_pin rise@0.000ns - sys_clk_pin rise@0.000ns)
  Data Path Delay:        0.605ns  (logic 0.209ns (34.538%)  route 0.396ns (65.462%))
  Logic Levels:           1  (LUT5=1)
  Clock Path Skew:        0.265ns (DCD - SCD - CPR)
    Destination Clock Delay (DCD):    1.955ns
    Source Clock Delay      (SCD):    1.441ns
    Clock Pessimism Removal (CPR):    0.249ns

    Location             Delay type                Incr(ns)  Path(ns)    Netlist Resource(s)
  -------------------------------------------------------------------    -------------------
                         (clock sys_clk_pin rise edge)
                                                      0.000     0.000 r  
    W5                                                0.000     0.000 r  clk (IN)
                         net (fo=0)                   0.000     0.000    clk
    W5                   IBUF (Prop_ibuf_I_O)         0.226     0.226 r  clk_IBUF_inst/O
                         net (fo=1, routed)           0.631     0.858    clk_IBUF
    BUFGCTRL_X0Y0        BUFG (Prop_bufg_I_O)         0.026     0.884 r  clk_IBUF_BUFG_inst/O
                         net (fo=203, routed)         0.558     1.441    clk_IBUF_BUFG
    SLICE_X34Y61         FDRE                                         r  current_state_reg[0]/C
  -------------------------------------------------------------------    -------------------
    SLICE_X34Y61         FDRE (Prop_fdre_C_Q)         0.164     1.605 r  current_state_reg[0]/Q
                         net (fo=105, routed)         0.396     2.001    current_state_reg_n_0_[0]
    SLICE_X38Y60         LUT5 (Prop_lut5_I0_O)        0.045     2.046 r  health_clk[23]_i_1/O
                         net (fo=1, routed)           0.000     2.046    health_clk0_out[23]
    SLICE_X38Y60         FDRE                                         r  health_clk_reg[23]/D
  -------------------------------------------------------------------    -------------------

                         (clock sys_clk_pin rise edge)
                                                      0.000     0.000 r  
    W5                                                0.000     0.000 r  clk (IN)
                         net (fo=0)                   0.000     0.000    clk
    W5                   IBUF (Prop_ibuf_I_O)         0.414     0.414 r  clk_IBUF_inst/O
                         net (fo=1, routed)           0.685     1.099    clk_IBUF
    BUFGCTRL_X0Y0        BUFG (Prop_bufg_I_O)         0.029     1.128 r  clk_IBUF_BUFG_inst/O
                         net (fo=203, routed)         0.827     1.955    clk_IBUF_BUFG
    SLICE_X38Y60         FDRE                                         r  health_clk_reg[23]/C
                         clock pessimism             -0.249     1.706    
    SLICE_X38Y60         FDRE (Hold_fdre_C_D)         0.121     1.827    health_clk_reg[23]
  -------------------------------------------------------------------
                         required time                         -1.827    
                         arrival time                           2.046    
  -------------------------------------------------------------------
                         slack                                  0.219    

Slack (MET) :             0.225ns  (arrival time - required time)
  Source:                 current_state_reg[0]/C
                            (rising edge-triggered cell FDRE clocked by sys_clk_pin  {rise@0.000ns fall@5.000ns period=10.000ns})
  Destination:            health_clk_reg[22]/D
                            (rising edge-triggered cell FDRE clocked by sys_clk_pin  {rise@0.000ns fall@5.000ns period=10.000ns})
  Path Group:             sys_clk_pin
  Path Type:              Hold (Min at Fast Process Corner)
  Requirement:            0.000ns  (sys_clk_pin rise@0.000ns - sys_clk_pin rise@0.000ns)
  Data Path Delay:        0.610ns  (logic 0.209ns (34.255%)  route 0.401ns (65.745%))
  Logic Levels:           1  (LUT5=1)
  Clock Path Skew:        0.265ns (DCD - SCD - CPR)
    Destination Clock Delay (DCD):    1.955ns
    Source Clock Delay      (SCD):    1.441ns
    Clock Pessimism Removal (CPR):    0.249ns

    Location             Delay type                Incr(ns)  Path(ns)    Netlist Resource(s)
  -------------------------------------------------------------------    -------------------
                         (clock sys_clk_pin rise edge)
                                                      0.000     0.000 r  
    W5                                                0.000     0.000 r  clk (IN)
                         net (fo=0)                   0.000     0.000    clk
    W5                   IBUF (Prop_ibuf_I_O)         0.226     0.226 r  clk_IBUF_inst/O
                         net (fo=1, routed)           0.631     0.858    clk_IBUF
    BUFGCTRL_X0Y0        BUFG (Prop_bufg_I_O)         0.026     0.884 r  clk_IBUF_BUFG_inst/O
                         net (fo=203, routed)         0.558     1.441    clk_IBUF_BUFG
    SLICE_X34Y61         FDRE                                         r  current_state_reg[0]/C
  -------------------------------------------------------------------    -------------------
    SLICE_X34Y61         FDRE (Prop_fdre_C_Q)         0.164     1.605 r  current_state_reg[0]/Q
                         net (fo=105, routed)         0.401     2.006    current_state_reg_n_0_[0]
    SLICE_X38Y60         LUT5 (Prop_lut5_I0_O)        0.045     2.051 r  health_clk[22]_i_1/O
                         net (fo=1, routed)           0.000     2.051    health_clk0_out[22]
    SLICE_X38Y60         FDRE                                         r  health_clk_reg[22]/D
  -------------------------------------------------------------------    -------------------

                         (clock sys_clk_pin rise edge)
                                                      0.000     0.000 r  
    W5                                                0.000     0.000 r  clk (IN)
                         net (fo=0)                   0.000     0.000    clk
    W5                   IBUF (Prop_ibuf_I_O)         0.414     0.414 r  clk_IBUF_inst/O
                         net (fo=1, routed)           0.685     1.099    clk_IBUF
    BUFGCTRL_X0Y0        BUFG (Prop_bufg_I_O)         0.029     1.128 r  clk_IBUF_BUFG_inst/O
                         net (fo=203, routed)         0.827     1.955    clk_IBUF_BUFG
    SLICE_X38Y60         FDRE                                         r  health_clk_reg[22]/C
                         clock pessimism             -0.249     1.706    
    SLICE_X38Y60         FDRE (Hold_fdre_C_D)         0.120     1.826    health_clk_reg[22]
  -------------------------------------------------------------------
                         required time                         -1.826    
                         arrival time                           2.051    
  -------------------------------------------------------------------
                         slack                                  0.225    

Slack (MET) :             0.228ns  (arrival time - required time)
  Source:                 current_state_reg[2]/C
                            (rising edge-triggered cell FDRE clocked by sys_clk_pin  {rise@0.000ns fall@5.000ns period=10.000ns})
  Destination:            health_clk_reg[26]/D
                            (rising edge-triggered cell FDRE clocked by sys_clk_pin  {rise@0.000ns fall@5.000ns period=10.000ns})
  Path Group:             sys_clk_pin
  Path Type:              Hold (Min at Fast Process Corner)
  Requirement:            0.000ns  (sys_clk_pin rise@0.000ns - sys_clk_pin rise@0.000ns)
  Data Path Delay:        0.584ns  (logic 0.186ns (31.870%)  route 0.398ns (68.130%))
  Logic Levels:           1  (LUT5=1)
  Clock Path Skew:        0.264ns (DCD - SCD - CPR)
    Destination Clock Delay (DCD):    1.955ns
    Source Clock Delay      (SCD):    1.442ns
    Clock Pessimism Removal (CPR):    0.249ns

    Location             Delay type                Incr(ns)  Path(ns)    Netlist Resource(s)
  -------------------------------------------------------------------    -------------------
                         (clock sys_clk_pin rise edge)
                                                      0.000     0.000 r  
    W5                                                0.000     0.000 r  clk (IN)
                         net (fo=0)                   0.000     0.000    clk
    W5                   IBUF (Prop_ibuf_I_O)         0.226     0.226 r  clk_IBUF_inst/O
                         net (fo=1, routed)           0.631     0.858    clk_IBUF
    BUFGCTRL_X0Y0        BUFG (Prop_bufg_I_O)         0.026     0.884 r  clk_IBUF_BUFG_inst/O
                         net (fo=203, routed)         0.559     1.442    clk_IBUF_BUFG
    SLICE_X33Y61         FDRE                                         r  current_state_reg[2]/C
  -------------------------------------------------------------------    -------------------
    SLICE_X33Y61         FDRE (Prop_fdre_C_Q)         0.141     1.583 r  current_state_reg[2]/Q
                         net (fo=73, routed)          0.398     1.981    current_state_reg_n_0_[2]
    SLICE_X37Y60         LUT5 (Prop_lut5_I2_O)        0.045     2.026 r  health_clk[26]_i_1/O
                         net (fo=1, routed)           0.000     2.026    health_clk0_out[26]
    SLICE_X37Y60         FDRE                                         r  health_clk_reg[26]/D
  -------------------------------------------------------------------    -------------------

                         (clock sys_clk_pin rise edge)
                                                      0.000     0.000 r  
    W5                                                0.000     0.000 r  clk (IN)
                         net (fo=0)                   0.000     0.000    clk
    W5                   IBUF (Prop_ibuf_I_O)         0.414     0.414 r  clk_IBUF_inst/O
                         net (fo=1, routed)           0.685     1.099    clk_IBUF
    BUFGCTRL_X0Y0        BUFG (Prop_bufg_I_O)         0.029     1.128 r  clk_IBUF_BUFG_inst/O
                         net (fo=203, routed)         0.827     1.955    clk_IBUF_BUFG
    SLICE_X37Y60         FDRE                                         r  health_clk_reg[26]/C
                         clock pessimism             -0.249     1.706    
    SLICE_X37Y60         FDRE (Hold_fdre_C_D)         0.092     1.798    health_clk_reg[26]
  -------------------------------------------------------------------
                         required time                         -1.798    
                         arrival time                           2.026    
  -------------------------------------------------------------------
                         slack                                  0.228    

Slack (MET) :             0.229ns  (arrival time - required time)
  Source:                 current_state_reg[2]/C
                            (rising edge-triggered cell FDRE clocked by sys_clk_pin  {rise@0.000ns fall@5.000ns period=10.000ns})
  Destination:            health_clk_reg[25]/D
                            (rising edge-triggered cell FDRE clocked by sys_clk_pin  {rise@0.000ns fall@5.000ns period=10.000ns})
  Path Group:             sys_clk_pin
  Path Type:              Hold (Min at Fast Process Corner)
  Requirement:            0.000ns  (sys_clk_pin rise@0.000ns - sys_clk_pin rise@0.000ns)
  Data Path Delay:        0.585ns  (logic 0.186ns (31.815%)  route 0.399ns (68.185%))
  Logic Levels:           1  (LUT5=1)
  Clock Path Skew:        0.264ns (DCD - SCD - CPR)
    Destination Clock Delay (DCD):    1.955ns
    Source Clock Delay      (SCD):    1.442ns
    Clock Pessimism Removal (CPR):    0.249ns

    Location             Delay type                Incr(ns)  Path(ns)    Netlist Resource(s)
  -------------------------------------------------------------------    -------------------
                         (clock sys_clk_pin rise edge)
                                                      0.000     0.000 r  
    W5                                                0.000     0.000 r  clk (IN)
                         net (fo=0)                   0.000     0.000    clk
    W5                   IBUF (Prop_ibuf_I_O)         0.226     0.226 r  clk_IBUF_inst/O
                         net (fo=1, routed)           0.631     0.858    clk_IBUF
    BUFGCTRL_X0Y0        BUFG (Prop_bufg_I_O)         0.026     0.884 r  clk_IBUF_BUFG_inst/O
                         net (fo=203, routed)         0.559     1.442    clk_IBUF_BUFG
    SLICE_X33Y61         FDRE                                         r  current_state_reg[2]/C
  -------------------------------------------------------------------    -------------------
    SLICE_X33Y61         FDRE (Prop_fdre_C_Q)         0.141     1.583 r  current_state_reg[2]/Q
                         net (fo=73, routed)          0.399     1.982    current_state_reg_n_0_[2]
    SLICE_X37Y60         LUT5 (Prop_lut5_I2_O)        0.045     2.027 r  health_clk[25]_i_1/O
                         net (fo=1, routed)           0.000     2.027    health_clk0_out[25]
    SLICE_X37Y60         FDRE                                         r  health_clk_reg[25]/D
  -------------------------------------------------------------------    -------------------

                         (clock sys_clk_pin rise edge)
                                                      0.000     0.000 r  
    W5                                                0.000     0.000 r  clk (IN)
                         net (fo=0)                   0.000     0.000    clk
    W5                   IBUF (Prop_ibuf_I_O)         0.414     0.414 r  clk_IBUF_inst/O
                         net (fo=1, routed)           0.685     1.099    clk_IBUF
    BUFGCTRL_X0Y0        BUFG (Prop_bufg_I_O)         0.029     1.128 r  clk_IBUF_BUFG_inst/O
                         net (fo=203, routed)         0.827     1.955    clk_IBUF_BUFG
    SLICE_X37Y60         FDRE                                         r  health_clk_reg[25]/C
                         clock pessimism             -0.249     1.706    
    SLICE_X37Y60         FDRE (Hold_fdre_C_D)         0.092     1.798    health_clk_reg[25]
  -------------------------------------------------------------------
                         required time                         -1.798    
                         arrival time                           2.027    
  -------------------------------------------------------------------
                         slack                                  0.229    

Slack (MET) :             0.234ns  (arrival time - required time)
  Source:                 food_level_reg[0]/C
                            (rising edge-triggered cell FDRE clocked by sys_clk_pin  {rise@0.000ns fall@5.000ns period=10.000ns})
  Destination:            food_level_reg[4]/D
                            (rising edge-triggered cell FDRE clocked by sys_clk_pin  {rise@0.000ns fall@5.000ns period=10.000ns})
  Path Group:             sys_clk_pin
  Path Type:              Hold (Min at Fast Process Corner)
  Requirement:            0.000ns  (sys_clk_pin rise@0.000ns - sys_clk_pin rise@0.000ns)
  Data Path Delay:        0.352ns  (logic 0.248ns (70.449%)  route 0.104ns (29.551%))
  Logic Levels:           2  (LUT5=1 MUXF7=1)
  Clock Path Skew:        0.013ns (DCD - SCD - CPR)
    Destination Clock Delay (DCD):    1.957ns
    Source Clock Delay      (SCD):    1.444ns
    Clock Pessimism Removal (CPR):    0.500ns

    Location             Delay type                Incr(ns)  Path(ns)    Netlist Resource(s)
  -------------------------------------------------------------------    -------------------
                         (clock sys_clk_pin rise edge)
                                                      0.000     0.000 r  
    W5                                                0.000     0.000 r  clk (IN)
                         net (fo=0)                   0.000     0.000    clk
    W5                   IBUF (Prop_ibuf_I_O)         0.226     0.226 r  clk_IBUF_inst/O
                         net (fo=1, routed)           0.631     0.858    clk_IBUF
    BUFGCTRL_X0Y0        BUFG (Prop_bufg_I_O)         0.026     0.884 r  clk_IBUF_BUFG_inst/O
                         net (fo=203, routed)         0.561     1.444    clk_IBUF_BUFG
    SLICE_X37Y54         FDRE                                         r  food_level_reg[0]/C
  -------------------------------------------------------------------    -------------------
    SLICE_X37Y54         FDRE (Prop_fdre_C_Q)         0.141     1.585 r  food_level_reg[0]/Q
                         net (fo=80, routed)          0.104     1.689    food_level_reg_n_0_[0]
    SLICE_X36Y54         LUT5 (Prop_lut5_I2_O)        0.045     1.734 r  food_level[4]_i_5/O
                         net (fo=1, routed)           0.000     1.734    food_level[4]_i_5_n_0
    SLICE_X36Y54         MUXF7 (Prop_muxf7_I0_O)      0.062     1.796 r  food_level_reg[4]_i_2/O
                         net (fo=1, routed)           0.000     1.796    food_level_reg[4]_i_2_n_0
    SLICE_X36Y54         FDRE                                         r  food_level_reg[4]/D
  -------------------------------------------------------------------    -------------------

                         (clock sys_clk_pin rise edge)
                                                      0.000     0.000 r  
    W5                                                0.000     0.000 r  clk (IN)
                         net (fo=0)                   0.000     0.000    clk
    W5                   IBUF (Prop_ibuf_I_O)         0.414     0.414 r  clk_IBUF_inst/O
                         net (fo=1, routed)           0.685     1.099    clk_IBUF
    BUFGCTRL_X0Y0        BUFG (Prop_bufg_I_O)         0.029     1.128 r  clk_IBUF_BUFG_inst/O
                         net (fo=203, routed)         0.829     1.957    clk_IBUF_BUFG
    SLICE_X36Y54         FDRE                                         r  food_level_reg[4]/C
                         clock pessimism             -0.500     1.457    
    SLICE_X36Y54         FDRE (Hold_fdre_C_D)         0.105     1.562    food_level_reg[4]
  -------------------------------------------------------------------
                         required time                         -1.562    
                         arrival time                           1.796    
  -------------------------------------------------------------------
                         slack                                  0.234    

Slack (MET) :             0.235ns  (arrival time - required time)
  Source:                 current_state_reg[0]/C
                            (rising edge-triggered cell FDRE clocked by sys_clk_pin  {rise@0.000ns fall@5.000ns period=10.000ns})
  Destination:            health_clk_reg[19]/D
                            (rising edge-triggered cell FDRE clocked by sys_clk_pin  {rise@0.000ns fall@5.000ns period=10.000ns})
  Path Group:             sys_clk_pin
  Path Type:              Hold (Min at Fast Process Corner)
  Requirement:            0.000ns  (sys_clk_pin rise@0.000ns - sys_clk_pin rise@0.000ns)
  Data Path Delay:        0.593ns  (logic 0.209ns (35.243%)  route 0.384ns (64.757%))
  Logic Levels:           1  (LUT5=1)
  Clock Path Skew:        0.266ns (DCD - SCD - CPR)
    Destination Clock Delay (DCD):    1.956ns
    Source Clock Delay      (SCD):    1.441ns
    Clock Pessimism Removal (CPR):    0.249ns

    Location             Delay type                Incr(ns)  Path(ns)    Netlist Resource(s)
  -------------------------------------------------------------------    -------------------
                         (clock sys_clk_pin rise edge)
                                                      0.000     0.000 r  
    W5                                                0.000     0.000 r  clk (IN)
                         net (fo=0)                   0.000     0.000    clk
    W5                   IBUF (Prop_ibuf_I_O)         0.226     0.226 r  clk_IBUF_inst/O
                         net (fo=1, routed)           0.631     0.858    clk_IBUF
    BUFGCTRL_X0Y0        BUFG (Prop_bufg_I_O)         0.026     0.884 r  clk_IBUF_BUFG_inst/O
                         net (fo=203, routed)         0.558     1.441    clk_IBUF_BUFG
    SLICE_X34Y61         FDRE                                         r  current_state_reg[0]/C
  -------------------------------------------------------------------    -------------------
    SLICE_X34Y61         FDRE (Prop_fdre_C_Q)         0.164     1.605 r  current_state_reg[0]/Q
                         net (fo=105, routed)         0.384     1.989    current_state_reg_n_0_[0]
    SLICE_X39Y59         LUT5 (Prop_lut5_I0_O)        0.045     2.034 r  health_clk[19]_i_1/O
                         net (fo=1, routed)           0.000     2.034    health_clk0_out[19]
    SLICE_X39Y59         FDRE                                         r  health_clk_reg[19]/D
  -------------------------------------------------------------------    -------------------

                         (clock sys_clk_pin rise edge)
                                                      0.000     0.000 r  
    W5                                                0.000     0.000 r  clk (IN)
                         net (fo=0)                   0.000     0.000    clk
    W5                   IBUF (Prop_ibuf_I_O)         0.414     0.414 r  clk_IBUF_inst/O
                         net (fo=1, routed)           0.685     1.099    clk_IBUF
    BUFGCTRL_X0Y0        BUFG (Prop_bufg_I_O)         0.029     1.128 r  clk_IBUF_BUFG_inst/O
                         net (fo=203, routed)         0.828     1.956    clk_IBUF_BUFG
    SLICE_X39Y59         FDRE                                         r  health_clk_reg[19]/C
                         clock pessimism             -0.249     1.707    
    SLICE_X39Y59         FDRE (Hold_fdre_C_D)         0.092     1.799    health_clk_reg[19]
  -------------------------------------------------------------------
                         required time                         -1.799    
                         arrival time                           2.034    
  -------------------------------------------------------------------
                         slack                                  0.235    

Slack (MET) :             0.237ns  (arrival time - required time)
  Source:                 current_state_reg[0]/C
                            (rising edge-triggered cell FDRE clocked by sys_clk_pin  {rise@0.000ns fall@5.000ns period=10.000ns})
  Destination:            health_clk_reg[17]/D
                            (rising edge-triggered cell FDRE clocked by sys_clk_pin  {rise@0.000ns fall@5.000ns period=10.000ns})
  Path Group:             sys_clk_pin
  Path Type:              Hold (Min at Fast Process Corner)
  Requirement:            0.000ns  (sys_clk_pin rise@0.000ns - sys_clk_pin rise@0.000ns)
  Data Path Delay:        0.594ns  (logic 0.209ns (35.184%)  route 0.385ns (64.816%))
  Logic Levels:           1  (LUT5=1)
  Clock Path Skew:        0.266ns (DCD - SCD - CPR)
    Destination Clock Delay (DCD):    1.956ns
    Source Clock Delay      (SCD):    1.441ns
    Clock Pessimism Removal (CPR):    0.249ns

    Location             Delay type                Incr(ns)  Path(ns)    Netlist Resource(s)
  -------------------------------------------------------------------    -------------------
                         (clock sys_clk_pin rise edge)
                                                      0.000     0.000 r  
    W5                                                0.000     0.000 r  clk (IN)
                         net (fo=0)                   0.000     0.000    clk
    W5                   IBUF (Prop_ibuf_I_O)         0.226     0.226 r  clk_IBUF_inst/O
                         net (fo=1, routed)           0.631     0.858    clk_IBUF
    BUFGCTRL_X0Y0        BUFG (Prop_bufg_I_O)         0.026     0.884 r  clk_IBUF_BUFG_inst/O
                         net (fo=203, routed)         0.558     1.441    clk_IBUF_BUFG
    SLICE_X34Y61         FDRE                                         r  current_state_reg[0]/C
  -------------------------------------------------------------------    -------------------
    SLICE_X34Y61         FDRE (Prop_fdre_C_Q)         0.164     1.605 r  current_state_reg[0]/Q
                         net (fo=105, routed)         0.385     1.990    current_state_reg_n_0_[0]
    SLICE_X39Y59         LUT5 (Prop_lut5_I0_O)        0.045     2.035 r  health_clk[17]_i_1/O
                         net (fo=1, routed)           0.000     2.035    health_clk0_out[17]
    SLICE_X39Y59         FDRE                                         r  health_clk_reg[17]/D
  -------------------------------------------------------------------    -------------------

                         (clock sys_clk_pin rise edge)
                                                      0.000     0.000 r  
    W5                                                0.000     0.000 r  clk (IN)
                         net (fo=0)                   0.000     0.000    clk
    W5                   IBUF (Prop_ibuf_I_O)         0.414     0.414 r  clk_IBUF_inst/O
                         net (fo=1, routed)           0.685     1.099    clk_IBUF
    BUFGCTRL_X0Y0        BUFG (Prop_bufg_I_O)         0.029     1.128 r  clk_IBUF_BUFG_inst/O
                         net (fo=203, routed)         0.828     1.956    clk_IBUF_BUFG
    SLICE_X39Y59         FDRE                                         r  health_clk_reg[17]/C
                         clock pessimism             -0.249     1.707    
    SLICE_X39Y59         FDRE (Hold_fdre_C_D)         0.091     1.798    health_clk_reg[17]
  -------------------------------------------------------------------
                         required time                         -1.798    
                         arrival time                           2.035    
  -------------------------------------------------------------------
                         slack                                  0.237    

Slack (MET) :             0.249ns  (arrival time - required time)
  Source:                 health_clk_reg[0]/C
                            (rising edge-triggered cell FDRE clocked by sys_clk_pin  {rise@0.000ns fall@5.000ns period=10.000ns})
  Destination:            health_clk_reg[0]/D
                            (rising edge-triggered cell FDRE clocked by sys_clk_pin  {rise@0.000ns fall@5.000ns period=10.000ns})
  Path Group:             sys_clk_pin
  Path Type:              Hold (Min at Fast Process Corner)
  Requirement:            0.000ns  (sys_clk_pin rise@0.000ns - sys_clk_pin rise@0.000ns)
  Data Path Delay:        0.370ns  (logic 0.209ns (56.430%)  route 0.161ns (43.570%))
  Logic Levels:           1  (LUT5=1)
  Clock Path Skew:        0.000ns (DCD - SCD - CPR)
    Destination Clock Delay (DCD):    1.957ns
    Source Clock Delay      (SCD):    1.444ns
    Clock Pessimism Removal (CPR):    0.513ns

    Location             Delay type                Incr(ns)  Path(ns)    Netlist Resource(s)
  -------------------------------------------------------------------    -------------------
                         (clock sys_clk_pin rise edge)
                                                      0.000     0.000 r  
    W5                                                0.000     0.000 r  clk (IN)
                         net (fo=0)                   0.000     0.000    clk
    W5                   IBUF (Prop_ibuf_I_O)         0.226     0.226 r  clk_IBUF_inst/O
                         net (fo=1, routed)           0.631     0.858    clk_IBUF
    BUFGCTRL_X0Y0        BUFG (Prop_bufg_I_O)         0.026     0.884 r  clk_IBUF_BUFG_inst/O
                         net (fo=203, routed)         0.561     1.444    clk_IBUF_BUFG
    SLICE_X38Y56         FDRE                                         r  health_clk_reg[0]/C
  -------------------------------------------------------------------    -------------------
    SLICE_X38Y56         FDRE (Prop_fdre_C_Q)         0.164     1.608 f  health_clk_reg[0]/Q
                         net (fo=5, routed)           0.161     1.770    health_clk_reg_n_0_[0]
    SLICE_X38Y56         LUT5 (Prop_lut5_I3_O)        0.045     1.815 r  health_clk[0]_i_1/O
                         net (fo=1, routed)           0.000     1.815    health_clk0_out[0]
    SLICE_X38Y56         FDRE                                         r  health_clk_reg[0]/D
  -------------------------------------------------------------------    -------------------

                         (clock sys_clk_pin rise edge)
                                                      0.000     0.000 r  
    W5                                                0.000     0.000 r  clk (IN)
                         net (fo=0)                   0.000     0.000    clk
    W5                   IBUF (Prop_ibuf_I_O)         0.414     0.414 r  clk_IBUF_inst/O
                         net (fo=1, routed)           0.685     1.099    clk_IBUF
    BUFGCTRL_X0Y0        BUFG (Prop_bufg_I_O)         0.029     1.128 r  clk_IBUF_BUFG_inst/O
                         net (fo=203, routed)         0.829     1.957    clk_IBUF_BUFG
    SLICE_X38Y56         FDRE                                         r  health_clk_reg[0]/C
                         clock pessimism             -0.513     1.444    
    SLICE_X38Y56         FDRE (Hold_fdre_C_D)         0.121     1.565    health_clk_reg[0]
  -------------------------------------------------------------------
                         required time                         -1.565    
                         arrival time                           1.815    
  -------------------------------------------------------------------
                         slack                                  0.249    





Pulse Width Checks
--------------------------------------------------------------------------------------
Clock Name:         sys_clk_pin
Waveform(ns):       { 0.000 5.000 }
Period(ns):         10.000
Sources:            { clk }

Check Type        Corner  Lib Pin  Reference Pin  Required(ns)  Actual(ns)  Slack(ns)  Location       Pin
Min Period        n/a     BUFG/I   n/a            2.155         10.000      7.845      BUFGCTRL_X0Y0  clk_IBUF_BUFG_inst/I
Min Period        n/a     FDRE/C   n/a            1.000         10.000      9.000      SLICE_X31Y58   btnD_delayed_reg/C
Min Period        n/a     FDRE/C   n/a            1.000         10.000      9.000      SLICE_X34Y57   btnL_delayed_reg/C
Min Period        n/a     FDRE/C   n/a            1.000         10.000      9.000      SLICE_X31Y58   btnR_delayed_reg/C
Min Period        n/a     FDRE/C   n/a            1.000         10.000      9.000      SLICE_X34Y57   btnU_delayed_reg/C
Min Period        n/a     FDRE/C   n/a            1.000         10.000      9.000      SLICE_X39Y56   sleep_level_reg[0]/C
Min Period        n/a     FDRE/C   n/a            1.000         10.000      9.000      SLICE_X39Y56   sleep_level_reg[1]/C
Min Period        n/a     FDRE/C   n/a            1.000         10.000      9.000      SLICE_X39Y57   sleep_level_reg[2]/C
Min Period        n/a     FDRE/C   n/a            1.000         10.000      9.000      SLICE_X34Y61   current_state_reg[0]/C
Min Period        n/a     FDRE/C   n/a            1.000         10.000      9.000      SLICE_X33Y61   current_state_reg[1]/C
Low Pulse Width   Fast    FDRE/C   n/a            0.500         5.000       4.500      SLICE_X34Y57   btnL_delayed_reg/C
Low Pulse Width   Fast    FDRE/C   n/a            0.500         5.000       4.500      SLICE_X34Y57   btnU_delayed_reg/C
Low Pulse Width   Fast    FDRE/C   n/a            0.500         5.000       4.500      SLICE_X34Y61   current_state_reg[0]/C
Low Pulse Width   Slow    FDRE/C   n/a            0.500         5.000       4.500      SLICE_X33Y61   current_state_reg[1]/C
Low Pulse Width   Slow    FDRE/C   n/a            0.500         5.000       4.500      SLICE_X33Y61   current_state_reg[2]/C
Low Pulse Width   Fast    FDRE/C   n/a            0.500         5.000       4.500      SLICE_X40Y74   slow_clk_reg[13]/C
Low Pulse Width   Fast    FDRE/C   n/a            0.500         5.000       4.500      SLICE_X40Y74   slow_clk_reg[14]/C
Low Pulse Width   Fast    FDRE/C   n/a            0.500         5.000       4.500      SLICE_X40Y74   slow_clk_reg[15]/C
Low Pulse Width   Fast    FDRE/C   n/a            0.500         5.000       4.500      SLICE_X40Y74   slow_clk_reg[16]/C
Low Pulse Width   Fast    FDRE/C   n/a            0.500         5.000       4.500      SLICE_X40Y75   slow_clk_reg[17]/C
High Pulse Width  Slow    FDRE/C   n/a            0.500         5.000       4.500      SLICE_X39Y56   sleep_level_reg[0]/C
High Pulse Width  Slow    FDRE/C   n/a            0.500         5.000       4.500      SLICE_X39Y56   sleep_level_reg[1]/C
High Pulse Width  Slow    FDRE/C   n/a            0.500         5.000       4.500      SLICE_X39Y73   slow_clk_reg[0]/C
High Pulse Width  Slow    FDRE/C   n/a            0.500         5.000       4.500      SLICE_X40Y73   slow_clk_reg[10]/C
High Pulse Width  Slow    FDRE/C   n/a            0.500         5.000       4.500      SLICE_X40Y73   slow_clk_reg[11]/C
High Pulse Width  Slow    FDRE/C   n/a            0.500         5.000       4.500      SLICE_X40Y73   slow_clk_reg[12]/C
High Pulse Width  Slow    FDRE/C   n/a            0.500         5.000       4.500      SLICE_X40Y74   slow_clk_reg[13]/C
High Pulse Width  Slow    FDRE/C   n/a            0.500         5.000       4.500      SLICE_X40Y74   slow_clk_reg[14]/C
High Pulse Width  Slow    FDRE/C   n/a            0.500         5.000       4.500      SLICE_X40Y74   slow_clk_reg[15]/C
High Pulse Width  Slow    FDRE/C   n/a            0.500         5.000       4.500      SLICE_X40Y74   slow_clk_reg[16]/C



